base 후보 15s · 칸 279
작업물 캐시 적중: /Users/joyongjin/AlphaBlock-wt/wan424/backtest/cache/wan424_iso_work.pkl.gz
팔 후보(하한0) 17s
[1/24] 하한 0% · ts4 · %K<15 완료
        full: 팔 +0.0127(3489) · 하한만 -0.1963 · %K기여 +0.2090 · A널 -0.1280 · p 0.000 ✅
          is: 팔 +0.1125(1995) · 하한만 -0.1726 · %K기여 +0.2851 · A널 -0.0944 · p 0.000 ✅
    oos_warm: 팔 -0.1218(1494) · 하한만 -0.2496 · %K기여 +0.1278 · A널 -0.1743 · p 0.090 —
[2/24] 하한 0% · ts4 · %K<20 완료
        full: 팔 -0.0140(6938) · 하한만 -0.1963 · %K기여 +0.1823 · A널 -0.1280 · p 0.000 ✅
          is: 팔 +0.0653(4171) · 하한만 -0.1726 · %K기여 +0.2379 · A널 -0.0916 · p 0.000 ✅
    oos_warm: 팔 -0.1337(2769) · 하한만 -0.2496 · %K기여 +0.1159 · A널 -0.1765 · p 0.055 —
[3/24] 하한 0% · ts4 · %K<25 완료
        full: 팔 -0.0418(10238) · 하한만 -0.1963 · %K기여 +0.1545 · A널 -0.1286 · p 0.000 ✅
          is: 팔 +0.0197(6429) · 하한만 -0.1726 · %K기여 +0.1923 · A널 -0.0980 · p 0.000 ✅
    oos_warm: 팔 -0.1452(3810) · 하한만 -0.2496 · %K기여 +0.1044 · A널 -0.1817 · p 0.035 ✅
[4/24] 하한 0% · ts8 · %K<15 완료
        full: 팔 +0.0120(3471) · 하한만 -0.2151 · %K기여 +0.2271 · A널 -0.1221 · p 0.000 ✅
          is: 팔 +0.1055(1990) · 하한만 -0.1917 · %K기여 +0.2972 · A널 -0.0911 · p 0.000 ✅
    oos_warm: 팔 -0.1146(1481) · 하한만 -0.2680 · %K기여 +0.1535 · A널 -0.1683 · p 0.135 —
[5/24] 하한 0% · ts8 · %K<20 완료
        full: 팔 -0.0096(6866) · 하한만 -0.2151 · %K기여 +0.2055 · A널 -0.1266 · p 0.000 ✅
          is: 팔 +0.0754(4141) · 하한만 -0.1917 · %K기여 +0.2670 · A널 -0.1015 · p 0.000 ✅
    oos_warm: 팔 -0.1393(2728) · 하한만 -0.2680 · %K기여 +0.1288 · A널 -0.1748 · p 0.135 —
[6/24] 하한 0% · ts8 · %K<25 완료
        full: 팔 -0.0398(10097) · 하한만 -0.2151 · %K기여 +0.1753 · A널 -0.1309 · p 0.000 ✅
          is: 팔 +0.0227(6358) · 하한만 -0.1917 · %K기여 +0.2144 · A널 -0.0951 · p 0.000 ✅
    oos_warm: 팔 -0.1460(3742) · 하한만 -0.2680 · %K기여 +0.1220 · A널 -0.1795 · p 0.080 —
[7/24] 하한 2% · ts4 · %K<15 완료
        full: 팔 +0.0775(1984) · 하한만 -0.0200 · %K기여 +0.0975 · A널 +0.0186 · p 0.045 ✅
          is: 팔 +0.1226(1275) · 하한만 -0.0011 · %K기여 +0.1238 · A널 +0.0379 · p 0.030 ✅
    oos_warm: 팔 -0.0060(709) · 하한만 -0.0710 · %K기여 +0.0649 · A널 -0.0166 · p 0.400 —
[8/24] 하한 2% · ts4 · %K<20 완료
        full: 팔 +0.0703(4143) · 하한만 -0.0200 · %K기여 +0.0903 · A널 +0.0205 · p 0.010 ✅
          is: 팔 +0.1059(2729) · 하한만 -0.0011 · %K기여 +0.1071 · A널 +0.0410 · p 0.000 ✅
    oos_warm: 팔 +0.0013(1414) · 하한만 -0.0710 · %K기여 +0.0723 · A널 -0.0121 · p 0.295 —
[9/24] 하한 2% · ts4 · %K<25 완료
        full: 팔 +0.0657(6267) · 하한만 -0.0200 · %K기여 +0.0857 · A널 +0.0215 · p 0.000 ✅
          is: 팔 +0.0955(4244) · 하한만 -0.0011 · %K기여 +0.0966 · A널 +0.0407 · p 0.000 ✅
    oos_warm: 팔 +0.0038(2023) · 하한만 -0.0710 · %K기여 +0.0748 · A널 -0.0191 · p 0.095 —
[10/24] 하한 2% · ts8 · %K<15 완료
        full: 팔 +0.0857(1983) · 하한만 -0.0306 · %K기여 +0.1163 · A널 +0.0149 · p 0.020 ✅
          is: 팔 +0.1410(1274) · 하한만 -0.0134 · %K기여 +0.1543 · A널 +0.0323 · p 0.010 ✅
    oos_warm: 팔 -0.0154(709) · 하한만 -0.0781 · %K기여 +0.0627 · A널 -0.0231 · p 0.445 —
[11/24] 하한 2% · ts8 · %K<20 완료
        full: 팔 +0.0807(4122) · 하한만 -0.0306 · %K기여 +0.1113 · A널 +0.0090 · p 0.000 ✅
          is: 팔 +0.1234(2714) · 하한만 -0.0134 · %K기여 +0.1368 · A널 +0.0293 · p 0.010 ✅
    oos_warm: 팔 -0.0025(1408) · 하한만 -0.0781 · %K기여 +0.0757 · A널 -0.0241 · p 0.235 —
[12/24] 하한 2% · ts8 · %K<25 완료
        full: 팔 +0.0698(6223) · 하한만 -0.0306 · %K기여 +0.1005 · A널 +0.0126 · p 0.000 ✅
          is: 팔 +0.1124(4212) · 하한만 -0.0134 · %K기여 +0.1258 · A널 +0.0301 · p 0.000 ✅
    oos_warm: 팔 -0.0154(2012) · 하한만 -0.0781 · %K기여 +0.0628 · A널 -0.0270 · p 0.310 —
[13/24] 하한 3% · ts4 · %K<15 완료
        full: 팔 +0.1138(1305) · 하한만 -0.0064 · %K기여 +0.1202 · A널 +0.0343 · p 0.020 ✅
          is: 팔 +0.1050(906) · 하한만 +0.0098 · %K기여 +0.0952 · A널 +0.0571 · p 0.175 —
    oos_warm: 팔 +0.1332(399) · 하한만 -0.0571 · %K기여 +0.1903 · A널 -0.0125 · p 0.000 ✅
[14/24] 하한 3% · ts4 · %K<20 완료
        full: 팔 +0.0906(2771) · 하한만 -0.0064 · %K기여 +0.0970 · A널 +0.0336 · p 0.025 ✅
          is: 팔 +0.0904(1940) · 하한만 +0.0098 · %K기여 +0.0806 · A널 +0.0570 · p 0.135 —
    oos_warm: 팔 +0.0922(831) · 하한만 -0.0571 · %K기여 +0.1493 · A널 -0.0275 · p 0.005 ✅
[15/24] 하한 3% · ts4 · %K<25 완료
        full: 팔 +0.0845(4153) · 하한만 -0.0064 · %K기여 +0.0909 · A널 +0.0376 · p 0.010 ✅
          is: 팔 +0.0824(2972) · 하한만 +0.0098 · %K기여 +0.0726 · A널 +0.0629 · p 0.180 —
    oos_warm: 팔 +0.0907(1181) · 하한만 -0.0571 · %K기여 +0.1478 · A널 -0.0197 · p 0.000 ✅
[16/24] 하한 3% · ts8 · %K<15 완료
        full: 팔 +0.1303(1305) · 하한만 -0.0143 · %K기여 +0.1447 · A널 +0.0297 · p 0.010 ✅
          is: 팔 +0.1201(906) · 하한만 -0.0009 · %K기여 +0.1210 · A널 +0.0475 · p 0.115 —
    oos_warm: 팔 +0.1505(399) · 하한만 -0.0569 · %K기여 +0.2073 · A널 -0.0187 · p 0.000 ✅
[17/24] 하한 3% · ts8 · %K<20 완료
        full: 팔 +0.0898(2769) · 하한만 -0.0143 · %K기여 +0.1042 · A널 +0.0239 · p 0.000 ✅
          is: 팔 +0.0815(1938) · 하한만 -0.0009 · %K기여 +0.0824 · A널 +0.0459 · p 0.155 —
    oos_warm: 팔 +0.1082(831) · 하한만 -0.0569 · %K기여 +0.1650 · A널 -0.0349 · p 0.000 ✅
[18/24] 하한 3% · ts8 · %K<25 완료
        full: 팔 +0.0830(4149) · 하한만 -0.0143 · %K기여 +0.0974 · A널 +0.0277 · p 0.005 ✅
          is: 팔 +0.0767(2968) · 하한만 -0.0009 · %K기여 +0.0777 · A널 +0.0474 · p 0.110 —
    oos_warm: 팔 +0.0981(1181) · 하한만 -0.0569 · %K기여 +0.1549 · A널 -0.0242 · p 0.000 ✅
[19/24] 하한 4% · ts4 · %K<15 완료
        full: 팔 +0.1539(861) · 하한만 +0.0510 · %K기여 +0.1029 · A널 +0.0661 · p 0.030 ✅
          is: 팔 +0.1353(627) · 하한만 +0.0698 · %K기여 +0.0655 · A널 +0.0932 · p 0.210 —
    oos_warm: 팔 +0.2032(234) · 하한만 -0.0194 · %K기여 +0.2226 · A널 +0.0102 · p 0.005 ✅
[20/24] 하한 4% · ts4 · %K<20 완료
        full: 팔 +0.1030(1811) · 하한만 +0.0510 · %K기여 +0.0521 · A널 +0.0617 · p 0.055 —
          is: 팔 +0.1028(1333) · 하한만 +0.0698 · %K기여 +0.0330 · A널 +0.0801 · p 0.250 —
    oos_warm: 팔 +0.1057(478) · 하한만 -0.0194 · %K기여 +0.1251 · A널 -0.0022 · p 0.005 ✅
[21/24] 하한 4% · ts4 · %K<25 완료
        full: 팔 +0.1199(2710) · 하한만 +0.0510 · %K기여 +0.0690 · A널 +0.0647 · p 0.005 ✅
          is: 팔 +0.1056(2031) · 하한만 +0.0698 · %K기여 +0.0358 · A널 +0.0833 · p 0.200 —
    oos_warm: 팔 +0.1646(679) · 하한만 -0.0194 · %K기여 +0.1840 · A널 +0.0037 · p 0.000 ✅
[22/24] 하한 4% · ts8 · %K<15 완료
        full: 팔 +0.1581(861) · 하한만 +0.0428 · %K기여 +0.1152 · A널 +0.0507 · p 0.005 ✅
          is: 팔 +0.1447(627) · 하한만 +0.0587 · %K기여 +0.0860 · A널 +0.0798 · p 0.155 —
    oos_warm: 팔 +0.1886(234) · 하한만 -0.0182 · %K기여 +0.2068 · A널 -0.0095 · p 0.000 ✅
[23/24] 하한 4% · ts8 · %K<20 완료
        full: 팔 +0.1000(1811) · 하한만 +0.0428 · %K기여 +0.0572 · A널 +0.0497 · p 0.035 ✅
          is: 팔 +0.0948(1333) · 하한만 +0.0587 · %K기여 +0.0360 · A널 +0.0659 · p 0.200 —
    oos_warm: 팔 +0.1127(478) · 하한만 -0.0182 · %K기여 +0.1309 · A널 -0.0135 · p 0.000 ✅
[24/24] 하한 4% · ts8 · %K<25 완료
        full: 팔 +0.1173(2709) · 하한만 +0.0428 · %K기여 +0.0745 · A널 +0.0545 · p 0.005 ✅
          is: 팔 +0.1071(2030) · 하한만 +0.0587 · %K기여 +0.0484 · A널 +0.0773 · p 0.130 —
    oos_warm: 팔 +0.1462(679) · 하한만 -0.0182 · %K기여 +0.1644 · A널 -0.0073 · p 0.000 ✅
# WAN-424 §3 — %K의 순수 기여를 손절폭 하한에서 떼어낸다

판정 칸(ts4 · %K<25) · 채택 북 · 복리 끔 · 31종목 × 9TF · 200반복 · 시드 424.
**팔 − 하한만 = %K 순수 기여**. A 널 = 하한 통과 풀에서 무작위 같은 개수.

## 하한별 (판정 칸 · 각 구간)

| 하한 | 구간 | 팔 (거래) | 하한만 (거래) | %K 순수 기여 | A 널 무작위 | p | 유의 |
| -- | -- | --: | --: | --: | --: | --: | :-: |
| 0% | full | -0.0418 (10238) | -0.1963 (31473) | **+0.1545** | -0.1286 | 0.000 | ✅ |
| 0% | is | +0.0197 (6429) | -0.1726 (21765) | **+0.1923** | -0.0980 | 0.000 | ✅ |
| 0% | oos_warm | -0.1452 (3810) | -0.2496 (9707) | **+0.1044** | -0.1817 | 0.035 | ✅ |
| 2% | full | +0.0657 (6267) | -0.0200 (18305) | **+0.0857** | +0.0215 | 0.000 | ✅ |
| 2% | is | +0.0955 (4244) | -0.0011 (13386) | **+0.0966** | +0.0407 | 0.000 | ✅ |
| 2% | oos_warm | +0.0038 (2023) | -0.0710 (4920) | **+0.0748** | -0.0191 | 0.095 | — |
| 3% | full | +0.0845 (4153) | -0.0064 (12518) | **+0.0909** | +0.0376 | 0.010 | ✅ |
| 3% | is | +0.0824 (2972) | +0.0098 (9482) | **+0.0726** | +0.0629 | 0.180 | — |
| 3% | oos_warm | +0.0907 (1181) | -0.0571 (3036) | **+0.1478** | -0.0197 | 0.000 | ✅ |
| 4% | full | +0.1199 (2710) | +0.0510 (8394) | **+0.0690** | +0.0647 | 0.005 | ✅ |
| 4% | is | +0.1056 (2031) | +0.0698 (6621) | **+0.0358** | +0.0833 | 0.200 | — |
| 4% | oos_warm | +0.1646 (679) | -0.0194 (1773) | **+0.1840** | +0.0037 | 0.000 | ✅ |

## 읽는 법

- 하한을 **뺄수록**(0%) %K 순수 기여가 커지고 A 널이 유의해지면 → %K가 실제로 고르는데 4% 하한이 가리고 있었다.
- 하한을 빼도 기여가 **그대로 약하면** → 값의 출처는 %K가 아니라 넓은 손절 + 시간 청산 구조.

## 전체 격자(보유 × 문턱 · is/oos_warm)

| 하한 | ts | %K | is 기여 | is p | oos 기여 | oos p |
| -- | -- | -- | --: | --: | --: | --: |
| 0% | 4 | <15 | +0.2851 | 0.000 | +0.1278 | 0.090 |
| 0% | 4 | <20 | +0.2379 | 0.000 | +0.1159 | 0.055 |
| 0% | 4 | <25 | +0.1923 | 0.000 | +0.1044 | 0.035 |
| 0% | 8 | <15 | +0.2972 | 0.000 | +0.1535 | 0.135 |
| 0% | 8 | <20 | +0.2670 | 0.000 | +0.1288 | 0.135 |
| 0% | 8 | <25 | +0.2144 | 0.000 | +0.1220 | 0.080 |
| 2% | 4 | <15 | +0.1238 | 0.030 | +0.0649 | 0.400 |
| 2% | 4 | <20 | +0.1071 | 0.000 | +0.0723 | 0.295 |
| 2% | 4 | <25 | +0.0966 | 0.000 | +0.0748 | 0.095 |
| 2% | 8 | <15 | +0.1543 | 0.010 | +0.0627 | 0.445 |
| 2% | 8 | <20 | +0.1368 | 0.010 | +0.0757 | 0.235 |
| 2% | 8 | <25 | +0.1258 | 0.000 | +0.0628 | 0.310 |
| 3% | 4 | <15 | +0.0952 | 0.175 | +0.1903 | 0.000 |
| 3% | 4 | <20 | +0.0806 | 0.135 | +0.1493 | 0.005 |
| 3% | 4 | <25 | +0.0726 | 0.180 | +0.1478 | 0.000 |
| 3% | 8 | <15 | +0.1210 | 0.115 | +0.2073 | 0.000 |
| 3% | 8 | <20 | +0.0824 | 0.155 | +0.1650 | 0.000 |
| 3% | 8 | <25 | +0.0777 | 0.110 | +0.1549 | 0.000 |
| 4% | 4 | <15 | +0.0655 | 0.210 | +0.2226 | 0.005 |
| 4% | 4 | <20 | +0.0330 | 0.250 | +0.1251 | 0.005 |
| 4% | 4 | <25 | +0.0358 | 0.200 | +0.1840 | 0.000 |
| 4% | 8 | <15 | +0.0860 | 0.155 | +0.2068 | 0.000 |
| 4% | 8 | <20 | +0.0360 | 0.200 | +0.1309 | 0.000 |
| 4% | 8 | <25 | +0.0484 | 0.130 | +0.1644 | 0.000 |

⚠️ §2 판정(B 널 = 진입 타이밍 전체가 무작위보다 낫다)은 이 표가 안 건드린다 — 여기는 그 우위의 출처가 %K냐 필터냐만 가른다. 채택 좌표 아님 · `pen_5bp` 위 값.

실측 4961초.

EXIT 0
