entries 2710 467 340.1808232907206
N=31 거래 1303 현물종목 20 크기 2.89% | 8.6년 연 18.1% ~ 22.4%
N=10 거래  457 현물종목  8 크기 4.49% | 8.6년 연 10.2% ~ 12.2%
N=10 거래  451 현물종목  8 크기 3.49% | 8.6년 연 3.3% ~ 5.9%
N=10 거래  406 현물종목  9 크기 4.03% | 8.6년 연 0.7% ~ 2.4%
N=10 거래  393 현물종목  8 크기 4.82% | 8.6년 연 11.7% ~ 13.9%
N=10 거래  378 현물종목  6 크기 4.93% | 8.6년 연 6.2% ~ 8.7%
N=10 거래  455 현물종목  5 크기 6.16% | 8.6년 연 25.0% ~ 28.2%
N=10 거래  451 현물종목  5 크기 3.63% | 8.6년 연 1.1% ~ 3.8%
N=10 거래  407 현물종목  7 크기 3.36% | 8.6년 연 0.5% ~ 2.6%
N=15 거래  647 현물종목  9 크기 3.10% | 8.6년 연 6.7% ~ 9.5%
N=15 거래  638 현물종목 10 크기 4.03% | 8.6년 연 14.2% ~ 18.7%
N=15 거래  605 현물종목 11 크기 2.88% | 8.6년 연 2.2% ~ 5.0%
N=15 거래  638 현물종목  8 크기 3.19% | 8.6년 연 12.1% ~ 15.9%
N=15 거래  662 현물종목 11 크기 2.91% | 8.6년 연 13.4% ~ 15.9%
N=15 거래  613 현물종목 10 크기 3.08% | 8.6년 연 2.8% ~ 5.3%
N=15 거래  668 현물종목 10 크기 3.28% | 8.6년 연 5.9% ~ 9.6%
N=15 거래  634 현물종목 12 크기 2.43% | 8.6년 연 -1.3% ~ 0.6%
N=20 거래  886 현물종목 12 크기 3.01% | 8.6년 연 12.3% ~ 16.2%
N=20 거래  858 현물종목 14 크기 2.52% | 8.6년 연 8.8% ~ 11.6%
N=20 거래  860 현물종목 13 크기 2.97% | 8.6년 연 8.3% ~ 11.9%
N=20 거래  834 현물종목 14 크기 3.10% | 8.6년 연 13.9% ~ 16.8%
N=20 거래  825 현물종목 15 크기 2.91% | 8.6년 연 7.3% ~ 10.1%
N=20 거래  815 현물종목 12 크기 3.25% | 8.6년 연 20.3% ~ 24.2%
N=20 거래  878 현물종목 15 크기 3.64% | 8.6년 연 21.1% ~ 25.1%
N=20 거래  793 현물종목 15 크기 2.86% | 8.6년 연 4.3% ~ 7.0%
N=25 거래 1092 현물종목 17 크기 2.53% | 8.6년 연 9.0% ~ 12.5%
N=25 거래 1036 현물종목 17 크기 3.01% | 8.6년 연 11.8% ~ 15.3%
N=25 거래  979 현물종목 16 크기 2.99% | 8.6년 연 9.6% ~ 13.0%
N=25 거래 1082 현물종목 17 크기 2.66% | 8.6년 연 12.3% ~ 15.3%
N=25 거래 1050 현물종목 16 크기 3.19% | 8.6년 연 20.8% ~ 25.1%
N=25 거래 1056 현물종목 14 크기 2.96% | 8.6년 연 15.4% ~ 19.8%
N=25 거래 1057 현물종목 15 크기 3.11% | 8.6년 연 17.6% ~ 22.2%
N=25 거래 1065 현물종목 16 크기 2.90% | 8.6년 연 15.8% ~ 19.3%

== 요약(미끄러짐 연환산 · 중앙 [최소~최대])
N=10: 중앙 4.7% [0.5% ~ 25.0%] · 거래 중앙 429
N=15: 중앙 6.3% [-1.3% ~ 14.2%] · 거래 중앙 638
N=20: 중앙 10.6% [4.3% ~ 21.1%] · 거래 중앙 846
N=25: 중앙 13.9% [9.0% ~ 20.8%] · 거래 중앙 1056
N=31: 중앙 18.1% [18.1% ~ 18.1%] · 거래 중앙 1303
끝 514.4991768328473
